base: V_A(0) = 292,418.11 (locked 292,418.11); B0 = 40,736.19 (locked 40,736.19); V_28 = 306,524.65
X4 d: 2.5%/97.5% = -93.0 / +92.0 bp (n=9123); X5 e: -1.95 / +2.27 points (n=8940)
tornado base: median top 174,950, p5 166,073, median gift 174,158
  X4 curve shift to 1 Jan 2027 (bp)          low   143,309  high   194,187  swing   50,878
  X5 5-year yield change in 2027 (pts)       low   167,901  high   182,227  swing   14,325
  X6 yearly fee on all assets                low   174,950  high   166,586  swing    8,364
  X1 stock fund compound return              low   172,963  high   175,656  swing    2,694
  X2 sd of annual log return                 low   174,951  high   174,950  swing        1
  X3 tail heaviness 1/nu                     low   174,950  high   174,951  swing        0
  X7 floor delivery ratio (gift only)        low   174,950  high   174,950  swing        0
Sobol A top2031: n=180224; S1 luck 0.169 vs assumptions 0.789; ST top: X4 d 0.731, u1 0.079, u2 0.072, u3 0.066
Sobol A gift2033: n=229376; S1 luck 0.178 vs assumptions 0.773; ST top: X4 d 0.694, u1 0.074, u2 0.068, u3 0.063
Sobol B: 32768 parameter sets x 4000 luck paths in 111s
Sobol B ST (median top): X4 d 0.898, X5 e 0.067, X6 fee 0.033, X1 mu_c 0.003, X2 sd_log 0.000, X3 inv_nu 0.000
Sobol B ST (p5 top):     X4 d 0.917, X5 e 0.045, X6 fee 0.030, X2 sd_log 0.009, X1 mu_c 0.002, X3 inv_nu 0.000
IPS must state (Sobol B median ST): ['X4', 'X5', 'X6']; p5 ranking ['X4', 'X5', 'X6'] agrees=True; tornado ['X4', 'X5', 'X6'] agrees=True
floor reading d=+0bp: V_A 292,418; IPS F 150,000 B0 40,736; E6 F 150,000 B0 40,736
floor reading d=-50bp: V_A 307,082; IPS F 142,612 B0 28,501; E6 F 150,000 B0 22,590
floor reading d=-100bp: V_A 322,582; IPS F 126,560 B0 22,836; E6 F 150,000 B0 3,626
M8 done in 116s -> /Users/ray/Research/rab-ws/ws2/rab/verification/blind/out/M8
